<html>
<body>
<pre>
<h1>µVision Build Log</h1>
<h2>Tool Versions:</h2>
IDE-Version: •ÏVision V5.27.1.0
Copyright (C) 2019 ARM Ltd and ARM Germany GmbH. All rights reserved.
License Information: K K, K, LIC=GMZI6-D7VYF-NNCAF-64RXZ-D2AW9-0ALG2
 
Tool Versions:
Toolchain:       MDK-ARM Plus  Version: 5.36.0.0
Toolchain Path:  C:\Keil_v5\ARM\ARMCC\Bin
C Compiler:      Armcc.exe V5.06 update 7 (build 960)
Assembler:       Armasm.exe V5.06 update 7 (build 960)
Linker/Locator:  ArmLink.exe V5.06 update 7 (build 960)
Library Manager: ArmAr.exe V5.06 update 7 (build 960)
Hex Converter:   FromElf.exe V5.06 update 7 (build 960)
CPU DLL:         SARMCM3.DLL V5.36.0.0
Dialog DLL:      DARMCM1.DLL V1.19.4.0
Target DLL:      NULink\Nu_Link.dll V3.07
Dialog DLL:      TARMCM1.DLL V1.14.4.0
 
<h2>Project:</h2>
E:\MY9168_LED_DRIVER\M0518_FW\KEIL\UART_TxRx_Function.uvproj
Project File Date:  08/29/2022

<h2>Output:</h2>
*** Using Compiler 'V5.06 update 7 (build 960)', folder: 'C:\Keil_v5\ARM\ARMCC\Bin'
Rebuild target 'UART_TxRx_Function'
assembling startup_M0518.s...
creating preprocessor file for system_M0518.c...
creating preprocessor file for main.c...
compiling system_M0518.c...
creating preprocessor file for circleq.c...
compiling main.c...
creating preprocessor file for my9168.c...
creating preprocessor file for clk.c...
compiling circleq.c...
creating preprocessor file for gpio.c...
compiling my9168.c...
creating preprocessor file for retarget.c...
compiling clk.c...
creating preprocessor file for spi.c...
compiling gpio.c...
creating preprocessor file for sys.c...
compiling retarget.c...
creating preprocessor file for uart.c...
compiling spi.c...
compiling sys.c...
creating preprocessor file for timer.c...
compiling uart.c...
compiling timer.c...
linking...
Program Size: Code=4204 RO-data=352 RW-data=88 ZI-data=1192  
After Build - User command #1: fromelf --bin ".\obj\UART_TxRxFunction.axf" --output ".\obj\UART_TxRxFunction.bin"
After Build - User command #2: fromelf --text -c ".\obj\UART_TxRxFunction.axf" --output ".\obj\UART_TxRxFunction.txt"
".\obj\UART_TxRxFunction.axf" - 0 Error(s), 0 Warning(s).
Build Time Elapsed:  00:00:06
</pre>
</body>
</html>
