Component: ARM Compiler 5.06 update 7 (build 960) Tool: armlink [4d3601]

==============================================================================

Small function inlining results

Inlined total of 0 calls.

==============================================================================

Section Cross References

    startup_m0518.o(RESET) refers to startup_m0518.o(STACK) for __initial_sp
    startup_m0518.o(RESET) refers to startup_m0518.o(.text) for Reset_Handler
    startup_m0518.o(RESET) refers to retarget.o(.emb_text) for HardFault_Handler
    startup_m0518.o(RESET) refers to main.o(i.TMR0_IRQHandler) for TMR0_IRQHandler
    startup_m0518.o(RESET) refers to main.o(i.UART02_IRQHandler) for UART02_IRQHandler
    startup_m0518.o(RESET) refers to main.o(i.UART1_IRQHandler) for UART1_IRQHandler
    startup_m0518.o(.text) refers to system_m0518.o(i.SystemInit) for SystemInit
    startup_m0518.o(.text) refers to entry.o(.ARM.Collect$$$$00000000) for __main
    system_m0518.o(i.SystemCoreClockUpdate) refers to uidiv.o(.text) for __aeabi_uidivmod
    system_m0518.o(i.SystemCoreClockUpdate) refers to system_m0518.o(.data) for .data
    main.o(i.SYS_Init) refers to clk.o(i.CLK_EnableXtalRC) for CLK_EnableXtalRC
    main.o(i.SYS_Init) refers to clk.o(i.CLK_WaitClockReady) for CLK_WaitClockReady
    main.o(i.SYS_Init) refers to clk.o(i.CLK_SetHCLK) for CLK_SetHCLK
    main.o(i.SYS_Init) refers to clk.o(i.CLK_SetModuleClock) for CLK_SetModuleClock
    main.o(i.SYS_Init) refers to clk.o(i.CLK_EnableModuleClock) for CLK_EnableModuleClock
    main.o(i.SYS_Init) refers to system_m0518.o(i.SystemCoreClockUpdate) for SystemCoreClockUpdate
    main.o(i.TMR0_IRQHandler) refers to main.o(.data) for .data
    main.o(i.Timer0_Init) refers to timer.o(i.TIMER_Open) for TIMER_Open
    main.o(i.UART02_IRQHandler) refers to circleq.o(i.push) for push
    main.o(i.UART02_IRQHandler) refers to main.o(.bss) for .bss
    main.o(i.UART1_IRQHandler) refers to circleq.o(i.push) for push
    main.o(i.UART1_IRQHandler) refers to main.o(.bss) for .bss
    main.o(i.UART_Init) refers to sys.o(i.SYS_ResetModule) for SYS_ResetModule
    main.o(i.UART_Init) refers to uart.o(i.UART_Open) for UART_Open
    main.o(i.check_uart_buffer) refers to circleq.o(i.isEmpty) for isEmpty
    main.o(i.check_uart_buffer) refers to circleq.o(i.pop) for pop
    main.o(i.check_uart_buffer) refers to printf5.o(i.__0printf$5) for __2printf
    main.o(i.check_uart_buffer) refers to main.o(.data) for .data
    main.o(i.main) refers to main.o(i.SYS_Init) for SYS_Init
    main.o(i.main) refers to main.o(i.UART_Init) for UART_Init
    main.o(i.main) refers to main.o(i.Timer0_Init) for Timer0_Init
    main.o(i.main) refers to my9168.o(i.my9168_init) for my9168_init
    main.o(i.main) refers to circleq.o(i.init_q) for init_q
    main.o(i.main) refers to printf5.o(i.__0printf$5) for __2printf
    main.o(i.main) refers to uart.o(i.UART_Write) for UART_Write
    main.o(i.main) refers to uart.o(i.UART_EnableInt) for UART_EnableInt
    main.o(i.main) refers to main.o(i.check_uart_buffer) for check_uart_buffer
    main.o(i.main) refers to my9168.o(i.set_led_data) for set_led_data
    main.o(i.main) refers to my9168.o(i.set_brigtness) for set_brigtness
    main.o(i.main) refers to main.o(.bss) for .bss
    main.o(i.main) refers to main.o(.data) for .data
    circleq.o(i.init_q) refers to memseta.o(.text) for __aeabi_memclr
    my9168.o(i.my9168_init) refers to spi.o(i.SPI_Open) for SPI_Open
    my9168.o(i.my9168_init) refers to gpio.o(i.GPIO_SetMode) for GPIO_SetMode
    my9168.o(i.my9168_init) refers to spi.o(i.SPI_EnableFIFO) for SPI_EnableFIFO
    my9168.o(i.my9168_init) refers to spi.o(i.SPI_DisableInt) for SPI_DisableInt
    my9168.o(i.set_brigtness) refers to uidiv.o(.text) for __aeabi_uidivmod
    clk.o(i.CLK_DisableCKO) refers to clk.o(i.CLK_DisableModuleClock) for CLK_DisableModuleClock
    clk.o(i.CLK_DisableModuleClock) refers to clk.o(.constdata) for .constdata
    clk.o(i.CLK_EnableCKO) refers to clk.o(i.CLK_EnableModuleClock) for CLK_EnableModuleClock
    clk.o(i.CLK_EnableCKO) refers to clk.o(i.CLK_SetModuleClock) for CLK_SetModuleClock
    clk.o(i.CLK_EnableModuleClock) refers to clk.o(.constdata) for .constdata
    clk.o(i.CLK_EnablePLL) refers to clk.o(i.CLK_WaitClockReady) for CLK_WaitClockReady
    clk.o(i.CLK_EnablePLL) refers to uidiv.o(.text) for __aeabi_uidivmod
    clk.o(i.CLK_GetCPUFreq) refers to system_m0518.o(i.SystemCoreClockUpdate) for SystemCoreClockUpdate
    clk.o(i.CLK_GetCPUFreq) refers to system_m0518.o(.data) for SystemCoreClock
    clk.o(i.CLK_GetHCLKFreq) refers to system_m0518.o(i.SystemCoreClockUpdate) for SystemCoreClockUpdate
    clk.o(i.CLK_GetHCLKFreq) refers to system_m0518.o(.data) for SystemCoreClock
    clk.o(i.CLK_GetPCLKFreq) refers to system_m0518.o(i.SystemCoreClockUpdate) for SystemCoreClockUpdate
    clk.o(i.CLK_GetPCLKFreq) refers to system_m0518.o(.data) for SystemCoreClock
    clk.o(i.CLK_SetCoreClock) refers to clk.o(i.CLK_WaitClockReady) for CLK_WaitClockReady
    clk.o(i.CLK_SetCoreClock) refers to clk.o(i.CLK_EnablePLL) for CLK_EnablePLL
    clk.o(i.CLK_SetCoreClock) refers to clk.o(i.CLK_SetHCLK) for CLK_SetHCLK
    clk.o(i.CLK_SetHCLK) refers to clk.o(i.CLK_WaitClockReady) for CLK_WaitClockReady
    clk.o(i.CLK_SetHCLK) refers to system_m0518.o(i.SystemCoreClockUpdate) for SystemCoreClockUpdate
    clk.o(i.CLK_SetModuleClock) refers to clk.o(.constdata) for .constdata
    retarget.o(.emb_text) refers to retarget.o(i.Hard_Fault_Handler) for Hard_Fault_Handler
    retarget.o(i.Hard_Fault_Handler) refers to printf5.o(i.__0printf$5) for __2printf
    retarget.o(i.Hard_Fault_Handler) refers to retarget.o(i.stackDump) for stackDump
    retarget.o(i.SendChar) refers to retarget.o(i.SendChar_ToUART) for SendChar_ToUART
    retarget.o(i._ttywrch) refers to retarget.o(i.SendChar_ToUART) for SendChar_ToUART
    retarget.o(i.fgetc) refers to retarget.o(i.GetChar) for GetChar
    retarget.o(i.fputc) refers to retarget.o(i.SendChar_ToUART) for SendChar_ToUART
    retarget.o(i.stackDump) refers to printf5.o(i.__0printf$5) for __2printf
    spi.o(i.CLK_GetPLLClockFreq) refers to uidiv.o(.text) for __aeabi_uidivmod
    spi.o(i.SPI_GetBusClock) refers to clk.o(i.CLK_GetHCLKFreq) for CLK_GetHCLKFreq
    spi.o(i.SPI_GetBusClock) refers to spi.o(i.CLK_GetPLLClockFreq) for CLK_GetPLLClockFreq
    spi.o(i.SPI_GetBusClock) refers to uidiv.o(.text) for __aeabi_uidivmod
    spi.o(i.SPI_Open) refers to clk.o(i.CLK_GetHCLKFreq) for CLK_GetHCLKFreq
    spi.o(i.SPI_Open) refers to spi.o(i.CLK_GetPLLClockFreq) for CLK_GetPLLClockFreq
    spi.o(i.SPI_Open) refers to uidiv.o(.text) for __aeabi_uidivmod
    spi.o(i.SPI_SetBusClock) refers to clk.o(i.CLK_GetHCLKFreq) for CLK_GetHCLKFreq
    spi.o(i.SPI_SetBusClock) refers to spi.o(i.CLK_GetPLLClockFreq) for CLK_GetPLLClockFreq
    spi.o(i.SPI_SetBusClock) refers to uidiv.o(.text) for __aeabi_uidivmod
    uart.o(i.CLK_GetPLLClockFreq) refers to uidiv.o(.text) for __aeabi_uidivmod
    uart.o(i.UART_DisableInt) refers to uart.o(i.NVIC_DisableIRQ) for NVIC_DisableIRQ
    uart.o(i.UART_EnableInt) refers to uart.o(i.NVIC_EnableIRQ) for NVIC_EnableIRQ
    uart.o(i.UART_Open) refers to uart.o(i.CLK_GetPLLClockFreq) for CLK_GetPLLClockFreq
    uart.o(i.UART_Open) refers to uidiv.o(.text) for __aeabi_uidivmod
    uart.o(i.UART_Open) refers to uart.o(.constdata) for .constdata
    uart.o(i.UART_SelectIrDAMode) refers to uart.o(i.CLK_GetPLLClockFreq) for CLK_GetPLLClockFreq
    uart.o(i.UART_SelectIrDAMode) refers to uidiv.o(.text) for __aeabi_uidivmod
    uart.o(i.UART_SelectIrDAMode) refers to uart.o(.constdata) for .constdata
    uart.o(i.UART_SetLine_Config) refers to uart.o(i.CLK_GetPLLClockFreq) for CLK_GetPLLClockFreq
    uart.o(i.UART_SetLine_Config) refers to uidiv.o(.text) for __aeabi_uidivmod
    uart.o(i.UART_SetLine_Config) refers to uart.o(.constdata) for .constdata
    timer.o(i.TIMER_Delay) refers to timer.o(i.TIMER_GetModuleClock) for TIMER_GetModuleClock
    timer.o(i.TIMER_Delay) refers to uidiv.o(.text) for __aeabi_uidivmod
    timer.o(i.TIMER_Delay) refers to system_m0518.o(.data) for SystemCoreClock
    timer.o(i.TIMER_GetModuleClock) refers to memcpya.o(.text) for __aeabi_memcpy4
    timer.o(i.TIMER_GetModuleClock) refers to timer.o(.constdata) for .constdata
    timer.o(i.TIMER_GetModuleClock) refers to system_m0518.o(.data) for SystemCoreClock
    timer.o(i.TIMER_Open) refers to timer.o(i.TIMER_GetModuleClock) for TIMER_GetModuleClock
    timer.o(i.TIMER_Open) refers to uidiv.o(.text) for __aeabi_uidivmod
    entry.o(.ARM.Collect$$$$00000000) refers (Special) to entry10a.o(.ARM.Collect$$$$0000000F) for __rt_final_cpp
    entry.o(.ARM.Collect$$$$00000000) refers (Special) to entry11a.o(.ARM.Collect$$$$00000011) for __rt_final_exit
    entry.o(.ARM.Collect$$$$00000000) refers (Special) to entry12b.o(.ARM.Collect$$$$0000000E) for __rt_lib_shutdown_fini
    entry.o(.ARM.Collect$$$$00000000) refers (Special) to entry7b.o(.ARM.Collect$$$$00000008) for _main_clock
    entry.o(.ARM.Collect$$$$00000000) refers (Special) to entry8b.o(.ARM.Collect$$$$0000000A) for _main_cpp_init
    entry.o(.ARM.Collect$$$$00000000) refers (Special) to entry9a.o(.ARM.Collect$$$$0000000B) for _main_init
    entry.o(.ARM.Collect$$$$00000000) refers (Special) to entry5.o(.ARM.Collect$$$$00000004) for _main_scatterload
    entry.o(.ARM.Collect$$$$00000000) refers (Special) to entry2.o(.ARM.Collect$$$$00000001) for _main_stk
    printfb.o(i.__0fprintf$bare) refers to printfb.o(i._printf_core) for _printf_core
    printfb.o(i.__0fprintf$bare) refers to retarget.o(i.fputc) for fputc
    printfb.o(i.__0printf$bare) refers to printfb.o(i._printf_core) for _printf_core
    printfb.o(i.__0printf$bare) refers to retarget.o(i.fputc) for fputc
    printfb.o(i.__0printf$bare) refers to retarget.o(.data) for __stdout
    printfb.o(i.__0snprintf$bare) refers to printfb.o(i._printf_core) for _printf_core
    printfb.o(i.__0snprintf$bare) refers to printfb.o(i._snputc) for _snputc
    printfb.o(i.__0sprintf$bare) refers to printfb.o(i._printf_core) for _printf_core
    printfb.o(i.__0sprintf$bare) refers to printfb.o(i._sputc) for _sputc
    printfb.o(i.__0vfprintf$bare) refers to printfb.o(i._printf_core) for _printf_core
    printfb.o(i.__0vfprintf$bare) refers to retarget.o(i.fputc) for fputc
    printfb.o(i.__0vprintf$bare) refers to printfb.o(i._printf_core) for _printf_core
    printfb.o(i.__0vprintf$bare) refers to retarget.o(i.fputc) for fputc
    printfb.o(i.__0vprintf$bare) refers to retarget.o(.data) for __stdout
    printfb.o(i.__0vsnprintf$bare) refers to printfb.o(i._printf_core) for _printf_core
    printfb.o(i.__0vsnprintf$bare) refers to printfb.o(i._snputc) for _snputc
    printfb.o(i.__0vsprintf$bare) refers to printfb.o(i._printf_core) for _printf_core
    printfb.o(i.__0vsprintf$bare) refers to printfb.o(i._sputc) for _sputc
    printf0.o(i.__0fprintf$0) refers to printf0.o(i._printf_core) for _printf_core
    printf0.o(i.__0fprintf$0) refers to retarget.o(i.fputc) for fputc
    printf0.o(i.__0printf$0) refers to printf0.o(i._printf_core) for _printf_core
    printf0.o(i.__0printf$0) refers to retarget.o(i.fputc) for fputc
    printf0.o(i.__0printf$0) refers to retarget.o(.data) for __stdout
    printf0.o(i.__0snprintf$0) refers to printf0.o(i._printf_core) for _printf_core
    printf0.o(i.__0snprintf$0) refers to printf0.o(i._snputc) for _snputc
    printf0.o(i.__0sprintf$0) refers to printf0.o(i._printf_core) for _printf_core
    printf0.o(i.__0sprintf$0) refers to printf0.o(i._sputc) for _sputc
    printf0.o(i.__0vfprintf$0) refers to printf0.o(i._printf_core) for _printf_core
    printf0.o(i.__0vfprintf$0) refers to retarget.o(i.fputc) for fputc
    printf0.o(i.__0vprintf$0) refers to printf0.o(i._printf_core) for _printf_core
    printf0.o(i.__0vprintf$0) refers to retarget.o(i.fputc) for fputc
    printf0.o(i.__0vprintf$0) refers to retarget.o(.data) for __stdout
    printf0.o(i.__0vsnprintf$0) refers to printf0.o(i._printf_core) for _printf_core
    printf0.o(i.__0vsnprintf$0) refers to printf0.o(i._snputc) for _snputc
    printf0.o(i.__0vsprintf$0) refers to printf0.o(i._printf_core) for _printf_core
    printf0.o(i.__0vsprintf$0) refers to printf0.o(i._sputc) for _sputc
    printf1.o(i.__0fprintf$1) refers to printf1.o(i._printf_core) for _printf_core
    printf1.o(i.__0fprintf$1) refers to retarget.o(i.fputc) for fputc
    printf1.o(i.__0printf$1) refers to printf1.o(i._printf_core) for _printf_core
    printf1.o(i.__0printf$1) refers to retarget.o(i.fputc) for fputc
    printf1.o(i.__0printf$1) refers to retarget.o(.data) for __stdout
    printf1.o(i.__0snprintf$1) refers to printf1.o(i._printf_core) for _printf_core
    printf1.o(i.__0snprintf$1) refers to printf1.o(i._snputc) for _snputc
    printf1.o(i.__0sprintf$1) refers to printf1.o(i._printf_core) for _printf_core
    printf1.o(i.__0sprintf$1) refers to printf1.o(i._sputc) for _sputc
    printf1.o(i.__0vfprintf$1) refers to printf1.o(i._printf_core) for _printf_core
    printf1.o(i.__0vfprintf$1) refers to retarget.o(i.fputc) for fputc
    printf1.o(i.__0vprintf$1) refers to printf1.o(i._printf_core) for _printf_core
    printf1.o(i.__0vprintf$1) refers to retarget.o(i.fputc) for fputc
    printf1.o(i.__0vprintf$1) refers to retarget.o(.data) for __stdout
    printf1.o(i.__0vsnprintf$1) refers to printf1.o(i._printf_core) for _printf_core
    printf1.o(i.__0vsnprintf$1) refers to printf1.o(i._snputc) for _snputc
    printf1.o(i.__0vsprintf$1) refers to printf1.o(i._printf_core) for _printf_core
    printf1.o(i.__0vsprintf$1) refers to printf1.o(i._sputc) for _sputc
    printf1.o(i._printf_core) refers to uidiv.o(.text) for __aeabi_uidivmod
    printf2.o(i.__0fprintf$2) refers to printf2.o(i._printf_core) for _printf_core
    printf2.o(i.__0fprintf$2) refers to retarget.o(i.fputc) for fputc
    printf2.o(i.__0printf$2) refers to printf2.o(i._printf_core) for _printf_core
    printf2.o(i.__0printf$2) refers to retarget.o(i.fputc) for fputc
    printf2.o(i.__0printf$2) refers to retarget.o(.data) for __stdout
    printf2.o(i.__0snprintf$2) refers to printf2.o(i._printf_core) for _printf_core
    printf2.o(i.__0snprintf$2) refers to printf2.o(i._snputc) for _snputc
    printf2.o(i.__0sprintf$2) refers to printf2.o(i._printf_core) for _printf_core
    printf2.o(i.__0sprintf$2) refers to printf2.o(i._sputc) for _sputc
    printf2.o(i.__0vfprintf$2) refers to printf2.o(i._printf_core) for _printf_core
    printf2.o(i.__0vfprintf$2) refers to retarget.o(i.fputc) for fputc
    printf2.o(i.__0vprintf$2) refers to printf2.o(i._printf_core) for _printf_core
    printf2.o(i.__0vprintf$2) refers to retarget.o(i.fputc) for fputc
    printf2.o(i.__0vprintf$2) refers to retarget.o(.data) for __stdout
    printf2.o(i.__0vsnprintf$2) refers to printf2.o(i._printf_core) for _printf_core
    printf2.o(i.__0vsnprintf$2) refers to printf2.o(i._snputc) for _snputc
    printf2.o(i.__0vsprintf$2) refers to printf2.o(i._printf_core) for _printf_core
    printf2.o(i.__0vsprintf$2) refers to printf2.o(i._sputc) for _sputc
    printf3.o(i.__0fprintf$3) refers to printf3.o(i._printf_core) for _printf_core
    printf3.o(i.__0fprintf$3) refers to retarget.o(i.fputc) for fputc
    printf3.o(i.__0printf$3) refers to printf3.o(i._printf_core) for _printf_core
    printf3.o(i.__0printf$3) refers to retarget.o(i.fputc) for fputc
    printf3.o(i.__0printf$3) refers to retarget.o(.data) for __stdout
    printf3.o(i.__0snprintf$3) refers to printf3.o(i._printf_core) for _printf_core
    printf3.o(i.__0snprintf$3) refers to printf3.o(i._snputc) for _snputc
    printf3.o(i.__0sprintf$3) refers to printf3.o(i._printf_core) for _printf_core
    printf3.o(i.__0sprintf$3) refers to printf3.o(i._sputc) for _sputc
    printf3.o(i.__0vfprintf$3) refers to printf3.o(i._printf_core) for _printf_core
    printf3.o(i.__0vfprintf$3) refers to retarget.o(i.fputc) for fputc
    printf3.o(i.__0vprintf$3) refers to printf3.o(i._printf_core) for _printf_core
    printf3.o(i.__0vprintf$3) refers to retarget.o(i.fputc) for fputc
    printf3.o(i.__0vprintf$3) refers to retarget.o(.data) for __stdout
    printf3.o(i.__0vsnprintf$3) refers to printf3.o(i._printf_core) for _printf_core
    printf3.o(i.__0vsnprintf$3) refers to printf3.o(i._snputc) for _snputc
    printf3.o(i.__0vsprintf$3) refers to printf3.o(i._printf_core) for _printf_core
    printf3.o(i.__0vsprintf$3) refers to printf3.o(i._sputc) for _sputc
    printf3.o(i._printf_core) refers to uidiv.o(.text) for __aeabi_uidivmod
    printf4.o(i.__0fprintf$4) refers to printf4.o(i._printf_core) for _printf_core
    printf4.o(i.__0fprintf$4) refers to retarget.o(i.fputc) for fputc
    printf4.o(i.__0printf$4) refers to printf4.o(i._printf_core) for _printf_core
    printf4.o(i.__0printf$4) refers to retarget.o(i.fputc) for fputc
    printf4.o(i.__0printf$4) refers to retarget.o(.data) for __stdout
    printf4.o(i.__0snprintf$4) refers to printf4.o(i._printf_core) for _printf_core
    printf4.o(i.__0snprintf$4) refers to printf4.o(i._snputc) for _snputc
    printf4.o(i.__0sprintf$4) refers to printf4.o(i._printf_core) for _printf_core
    printf4.o(i.__0sprintf$4) refers to printf4.o(i._sputc) for _sputc
    printf4.o(i.__0vfprintf$4) refers to printf4.o(i._printf_core) for _printf_core
    printf4.o(i.__0vfprintf$4) refers to retarget.o(i.fputc) for fputc
    printf4.o(i.__0vprintf$4) refers to printf4.o(i._printf_core) for _printf_core
    printf4.o(i.__0vprintf$4) refers to retarget.o(i.fputc) for fputc
    printf4.o(i.__0vprintf$4) refers to retarget.o(.data) for __stdout
    printf4.o(i.__0vsnprintf$4) refers to printf4.o(i._printf_core) for _printf_core
    printf4.o(i.__0vsnprintf$4) refers to printf4.o(i._snputc) for _snputc
    printf4.o(i.__0vsprintf$4) refers to printf4.o(i._printf_core) for _printf_core
    printf4.o(i.__0vsprintf$4) refers to printf4.o(i._sputc) for _sputc
    printf4.o(i._printf_core) refers to uldiv.o(.text) for __aeabi_uldivmod
    printf5.o(i.__0fprintf$5) refers to printf5.o(i._printf_core) for _printf_core
    printf5.o(i.__0fprintf$5) refers to retarget.o(i.fputc) for fputc
    printf5.o(i.__0printf$5) refers to printf5.o(i._printf_core) for _printf_core
    printf5.o(i.__0printf$5) refers to retarget.o(i.fputc) for fputc
    printf5.o(i.__0printf$5) refers to retarget.o(.data) for __stdout
    printf5.o(i.__0snprintf$5) refers to printf5.o(i._printf_core) for _printf_core
    printf5.o(i.__0snprintf$5) refers to printf5.o(i._snputc) for _snputc
    printf5.o(i.__0sprintf$5) refers to printf5.o(i._printf_core) for _printf_core
    printf5.o(i.__0sprintf$5) refers to printf5.o(i._sputc) for _sputc
    printf5.o(i.__0vfprintf$5) refers to printf5.o(i._printf_core) for _printf_core
    printf5.o(i.__0vfprintf$5) refers to retarget.o(i.fputc) for fputc
    printf5.o(i.__0vprintf$5) refers to printf5.o(i._printf_core) for _printf_core
    printf5.o(i.__0vprintf$5) refers to retarget.o(i.fputc) for fputc
    printf5.o(i.__0vprintf$5) refers to retarget.o(.data) for __stdout
    printf5.o(i.__0vsnprintf$5) refers to printf5.o(i._printf_core) for _printf_core
    printf5.o(i.__0vsnprintf$5) refers to printf5.o(i._snputc) for _snputc
    printf5.o(i.__0vsprintf$5) refers to printf5.o(i._printf_core) for _printf_core
    printf5.o(i.__0vsprintf$5) refers to printf5.o(i._sputc) for _sputc
    printf5.o(i._printf_core) refers to uldiv.o(.text) for __aeabi_uldivmod
    printf6.o(i.__0fprintf$6) refers to printf6.o(i._printf_core) for _printf_core
    printf6.o(i.__0fprintf$6) refers to retarget.o(i.fputc) for fputc
    printf6.o(i.__0printf$6) refers to printf6.o(i._printf_core) for _printf_core
    printf6.o(i.__0printf$6) refers to retarget.o(i.fputc) for fputc
    printf6.o(i.__0printf$6) refers to retarget.o(.data) for __stdout
    printf6.o(i.__0snprintf$6) refers to printf6.o(i._printf_core) for _printf_core
    printf6.o(i.__0snprintf$6) refers to printf6.o(i._snputc) for _snputc
    printf6.o(i.__0sprintf$6) refers to printf6.o(i._printf_core) for _printf_core
    printf6.o(i.__0sprintf$6) refers to printf6.o(i._sputc) for _sputc
    printf6.o(i.__0vfprintf$6) refers to printf6.o(i._printf_core) for _printf_core
    printf6.o(i.__0vfprintf$6) refers to retarget.o(i.fputc) for fputc
    printf6.o(i.__0vprintf$6) refers to printf6.o(i._printf_core) for _printf_core
    printf6.o(i.__0vprintf$6) refers to retarget.o(i.fputc) for fputc
    printf6.o(i.__0vprintf$6) refers to retarget.o(.data) for __stdout
    printf6.o(i.__0vsnprintf$6) refers to printf6.o(i._printf_core) for _printf_core
    printf6.o(i.__0vsnprintf$6) refers to printf6.o(i._snputc) for _snputc
    printf6.o(i.__0vsprintf$6) refers to printf6.o(i._printf_core) for _printf_core
    printf6.o(i.__0vsprintf$6) refers to printf6.o(i._sputc) for _sputc
    printf6.o(i._printf_core) refers to printf6.o(i._printf_pre_padding) for _printf_pre_padding
    printf6.o(i._printf_core) refers to printf6.o(i._printf_post_padding) for _printf_post_padding
    printf6.o(i._printf_core) refers to uidiv.o(.text) for __aeabi_uidivmod
    printf7.o(i.__0fprintf$7) refers to printf7.o(i._printf_core) for _printf_core
    printf7.o(i.__0fprintf$7) refers to retarget.o(i.fputc) for fputc
    printf7.o(i.__0printf$7) refers to printf7.o(i._printf_core) for _printf_core
    printf7.o(i.__0printf$7) refers to retarget.o(i.fputc) for fputc
    printf7.o(i.__0printf$7) refers to retarget.o(.data) for __stdout
    printf7.o(i.__0snprintf$7) refers to printf7.o(i._printf_core) for _printf_core
    printf7.o(i.__0snprintf$7) refers to printf7.o(i._snputc) for _snputc
    printf7.o(i.__0sprintf$7) refers to printf7.o(i._printf_core) for _printf_core
    printf7.o(i.__0sprintf$7) refers to printf7.o(i._sputc) for _sputc
    printf7.o(i.__0vfprintf$7) refers to printf7.o(i._printf_core) for _printf_core
    printf7.o(i.__0vfprintf$7) refers to retarget.o(i.fputc) for fputc
    printf7.o(i.__0vprintf$7) refers to printf7.o(i._printf_core) for _printf_core
    printf7.o(i.__0vprintf$7) refers to retarget.o(i.fputc) for fputc
    printf7.o(i.__0vprintf$7) refers to retarget.o(.data) for __stdout
    printf7.o(i.__0vsnprintf$7) refers to printf7.o(i._printf_core) for _printf_core
    printf7.o(i.__0vsnprintf$7) refers to printf7.o(i._snputc) for _snputc
    printf7.o(i.__0vsprintf$7) refers to printf7.o(i._printf_core) for _printf_core
    printf7.o(i.__0vsprintf$7) refers to printf7.o(i._sputc) for _sputc
    printf7.o(i._printf_core) refers to printf7.o(i._printf_pre_padding) for _printf_pre_padding
    printf7.o(i._printf_core) refers to printf7.o(i._printf_post_padding) for _printf_post_padding
    printf7.o(i._printf_core) refers to uldiv.o(.text) for __aeabi_uldivmod
    printf8.o(i.__0fprintf$8) refers to printf8.o(i._printf_core) for _printf_core
    printf8.o(i.__0fprintf$8) refers to retarget.o(i.fputc) for fputc
    printf8.o(i.__0printf$8) refers to printf8.o(i._printf_core) for _printf_core
    printf8.o(i.__0printf$8) refers to retarget.o(i.fputc) for fputc
    printf8.o(i.__0printf$8) refers to retarget.o(.data) for __stdout
    printf8.o(i.__0snprintf$8) refers to printf8.o(i._printf_core) for _printf_core
    printf8.o(i.__0snprintf$8) refers to printf8.o(i._snputc) for _snputc
    printf8.o(i.__0sprintf$8) refers to printf8.o(i._printf_core) for _printf_core
    printf8.o(i.__0sprintf$8) refers to printf8.o(i._sputc) for _sputc
    printf8.o(i.__0vfprintf$8) refers to printf8.o(i._printf_core) for _printf_core
    printf8.o(i.__0vfprintf$8) refers to retarget.o(i.fputc) for fputc
    printf8.o(i.__0vprintf$8) refers to printf8.o(i._printf_core) for _printf_core
    printf8.o(i.__0vprintf$8) refers to retarget.o(i.fputc) for fputc
    printf8.o(i.__0vprintf$8) refers to retarget.o(.data) for __stdout
    printf8.o(i.__0vsnprintf$8) refers to printf8.o(i._printf_core) for _printf_core
    printf8.o(i.__0vsnprintf$8) refers to printf8.o(i._snputc) for _snputc
    printf8.o(i.__0vsprintf$8) refers to printf8.o(i._printf_core) for _printf_core
    printf8.o(i.__0vsprintf$8) refers to printf8.o(i._sputc) for _sputc
    printf8.o(i._printf_core) refers to printf8.o(i._printf_pre_padding) for _printf_pre_padding
    printf8.o(i._printf_core) refers to printf8.o(i._printf_post_padding) for _printf_post_padding
    printf8.o(i._printf_core) refers to uldiv.o(.text) for __aeabi_uldivmod
    printfa.o(i.__0fprintf) refers (Special) to iusefp.o(.text) for __I$use$fp
    printfa.o(i.__0fprintf) refers to printfa.o(i._printf_core) for _printf_core
    printfa.o(i.__0fprintf) refers to retarget.o(i.fputc) for fputc
    printfa.o(i.__0printf) refers (Special) to iusefp.o(.text) for __I$use$fp
    printfa.o(i.__0printf) refers to printfa.o(i._printf_core) for _printf_core
    printfa.o(i.__0printf) refers to retarget.o(i.fputc) for fputc
    printfa.o(i.__0printf) refers to retarget.o(.data) for __stdout
    printfa.o(i.__0snprintf) refers (Special) to iusefp.o(.text) for __I$use$fp
    printfa.o(i.__0snprintf) refers to printfa.o(i._printf_core) for _printf_core
    printfa.o(i.__0snprintf) refers to printfa.o(i._snputc) for _snputc
    printfa.o(i.__0sprintf) refers (Special) to iusefp.o(.text) for __I$use$fp
    printfa.o(i.__0sprintf) refers to printfa.o(i._printf_core) for _printf_core
    printfa.o(i.__0sprintf) refers to printfa.o(i._sputc) for _sputc
    printfa.o(i.__0vfprintf) refers (Special) to iusefp.o(.text) for __I$use$fp
    printfa.o(i.__0vfprintf) refers to printfa.o(i._printf_core) for _printf_core
    printfa.o(i.__0vfprintf) refers to retarget.o(i.fputc) for fputc
    printfa.o(i.__0vprintf) refers (Special) to iusefp.o(.text) for __I$use$fp
    printfa.o(i.__0vprintf) refers to printfa.o(i._printf_core) for _printf_core
    printfa.o(i.__0vprintf) refers to retarget.o(i.fputc) for fputc
    printfa.o(i.__0vprintf) refers to retarget.o(.data) for __stdout
    printfa.o(i.__0vsnprintf) refers (Special) to iusefp.o(.text) for __I$use$fp
    printfa.o(i.__0vsnprintf) refers to printfa.o(i._printf_core) for _printf_core
    printfa.o(i.__0vsnprintf) refers to printfa.o(i._snputc) for _snputc
    printfa.o(i.__0vsprintf) refers (Special) to iusefp.o(.text) for __I$use$fp
    printfa.o(i.__0vsprintf) refers to printfa.o(i._printf_core) for _printf_core
    printfa.o(i.__0vsprintf) refers to printfa.o(i._sputc) for _sputc
    printfa.o(i._fp_digits) refers (Special) to iusefp.o(.text) for __I$use$fp
    printfa.o(i._fp_digits) refers to dmul.o(.text) for __aeabi_dmul
    printfa.o(i._fp_digits) refers to ddiv.o(.text) for __aeabi_ddiv
    printfa.o(i._fp_digits) refers to cdrcmple.o(.text) for __aeabi_cdrcmple
    printfa.o(i._fp_digits) refers to dadd.o(.text) for __aeabi_dadd
    printfa.o(i._fp_digits) refers to dfixul.o(.text) for __aeabi_d2ulz
    printfa.o(i._fp_digits) refers to uldiv.o(.text) for __aeabi_uldivmod
    printfa.o(i._printf_core) refers (Special) to iusefp.o(.text) for __I$use$fp
    printfa.o(i._printf_core) refers to printfa.o(i._printf_pre_padding) for _printf_pre_padding
    printfa.o(i._printf_core) refers to uldiv.o(.text) for __aeabi_uldivmod
    printfa.o(i._printf_core) refers to printfa.o(i._printf_post_padding) for _printf_post_padding
    printfa.o(i._printf_core) refers to printfa.o(i._fp_digits) for _fp_digits
    printfa.o(i._printf_core) refers to uidiv.o(.text) for __aeabi_uidivmod
    printfa.o(i._printf_post_padding) refers (Special) to iusefp.o(.text) for __I$use$fp
    printfa.o(i._printf_pre_padding) refers (Special) to iusefp.o(.text) for __I$use$fp
    printfa.o(i._snputc) refers (Special) to iusefp.o(.text) for __I$use$fp
    printfa.o(i._sputc) refers (Special) to iusefp.o(.text) for __I$use$fp
    entry2.o(.ARM.Collect$$$$00000001) refers to entry2.o(.ARM.Collect$$$$00002712) for __lit__00000000
    entry2.o(.ARM.Collect$$$$00002712) refers to startup_m0518.o(STACK) for __initial_sp
    entry2.o(__vectab_stack_and_reset_area) refers to startup_m0518.o(STACK) for __initial_sp
    entry2.o(__vectab_stack_and_reset_area) refers to entry.o(.ARM.Collect$$$$00000000) for __main
    entry5.o(.ARM.Collect$$$$00000004) refers to init.o(.text) for __scatterload
    entry9a.o(.ARM.Collect$$$$0000000B) refers to main.o(i.main) for main
    entry9b.o(.ARM.Collect$$$$0000000C) refers to main.o(i.main) for main
    uldiv.o(.text) refers to llushr.o(.text) for __aeabi_llsr
    uldiv.o(.text) refers to llshl.o(.text) for __aeabi_llsl
    dadd.o(.text) refers to llshl.o(.text) for __aeabi_llsl
    dadd.o(.text) refers to llsshr.o(.text) for __aeabi_lasr
    dadd.o(.text) refers to depilogue.o(.text) for _double_epilogue
    dmul.o(.text) refers to depilogue.o(.text) for _double_epilogue
    ddiv.o(.text) refers to depilogue.o(.text) for _double_round
    dfixul.o(.text) refers to llushr.o(.text) for __aeabi_llsr
    dfixul.o(.text) refers to llshl.o(.text) for __aeabi_llsl
    init.o(.text) refers to entry5.o(.ARM.Collect$$$$00000004) for __main_after_scatterload
    depilogue.o(.text) refers to depilogue.o(i.__ARM_clz) for __ARM_clz
    depilogue.o(.text) refers to llshl.o(.text) for __aeabi_llsl
    depilogue.o(.text) refers to llushr.o(.text) for __aeabi_llsr


==============================================================================

Removing Unused input sections from the image.

    Removing startup_m0518.o(HEAP), (0 bytes).
    Removing system_m0518.o(.rev16_text), (4 bytes).
    Removing system_m0518.o(.revsh_text), (4 bytes).
    Removing main.o(.rev16_text), (4 bytes).
    Removing main.o(.revsh_text), (4 bytes).
    Removing main.o(.bss), (64 bytes).
    Removing main.o(.bss), (64 bytes).
    Removing main.o(.data), (15 bytes).
    Removing circleq.o(.rev16_text), (4 bytes).
    Removing circleq.o(.revsh_text), (4 bytes).
    Removing my9168.o(.rev16_text), (4 bytes).
    Removing my9168.o(.revsh_text), (4 bytes).
    Removing clk.o(.rev16_text), (4 bytes).
    Removing clk.o(.revsh_text), (4 bytes).
    Removing clk.o(i.CLK_DisableCKO), (16 bytes).
    Removing clk.o(i.CLK_DisableModuleClock), (48 bytes).
    Removing clk.o(i.CLK_DisablePLL), (16 bytes).
    Removing clk.o(i.CLK_DisableSysTick), (12 bytes).
    Removing clk.o(i.CLK_DisableXtalRC), (16 bytes).
    Removing clk.o(i.CLK_EnableCKO), (44 bytes).
    Removing clk.o(i.CLK_EnablePLL), (408 bytes).
    Removing clk.o(i.CLK_EnableSysTick), (56 bytes).
    Removing clk.o(i.CLK_GetCPUFreq), (16 bytes).
    Removing clk.o(i.CLK_GetHXTFreq), (20 bytes).
    Removing clk.o(i.CLK_GetPCLKFreq), (16 bytes).
    Removing clk.o(i.CLK_Idle), (32 bytes).
    Removing clk.o(i.CLK_PowerDown), (36 bytes).
    Removing clk.o(i.CLK_SetCoreClock), (124 bytes).
    Removing clk.o(i.CLK_SetSysTickClockSrc), (20 bytes).
    Removing gpio.o(.rev16_text), (4 bytes).
    Removing gpio.o(.revsh_text), (4 bytes).
    Removing gpio.o(i.GPIO_DisableInt), (28 bytes).
    Removing gpio.o(i.GPIO_EnableInt), (26 bytes).
    Removing retarget.o(.rev16_text), (4 bytes).
    Removing retarget.o(.revsh_text), (4 bytes).
    Removing retarget.o(i.GetChar), (20 bytes).
    Removing retarget.o(i.IsDebugFifoEmpty), (16 bytes).
    Removing retarget.o(i.SendChar), (8 bytes).
    Removing retarget.o(i._ttywrch), (8 bytes).
    Removing retarget.o(i.ferror), (6 bytes).
    Removing retarget.o(i.fgetc), (8 bytes).
    Removing retarget.o(i.kbhit), (16 bytes).
    Removing retarget.o(.data), (4 bytes).
    Removing spi.o(.rev16_text), (4 bytes).
    Removing spi.o(.revsh_text), (4 bytes).
    Removing spi.o(i.SPI_ClearIntFlag), (48 bytes).
    Removing spi.o(i.SPI_ClearRxFIFO), (10 bytes).
    Removing spi.o(i.SPI_ClearTxFIFO), (10 bytes).
    Removing spi.o(i.SPI_Close), (22 bytes).
    Removing spi.o(i.SPI_DisableAutoSS), (10 bytes).
    Removing spi.o(i.SPI_DisableFIFO), (12 bytes).
    Removing spi.o(i.SPI_EnableAutoSS), (20 bytes).
    Removing spi.o(i.SPI_EnableInt), (80 bytes).
    Removing spi.o(i.SPI_GetBusClock), (52 bytes).
    Removing spi.o(i.SPI_GetIntFlag), (88 bytes).
    Removing spi.o(i.SPI_GetStatus), (74 bytes).
    Removing spi.o(i.SPI_SetBusClock), (200 bytes).
    Removing sys.o(.rev16_text), (4 bytes).
    Removing sys.o(.revsh_text), (4 bytes).
    Removing sys.o(i.SYS_ClearResetSrc), (12 bytes).
    Removing sys.o(i.SYS_DisableBOD), (14 bytes).
    Removing sys.o(i.SYS_EnableBOD), (36 bytes).
    Removing sys.o(i.SYS_GetBODStatus), (12 bytes).
    Removing sys.o(i.SYS_GetResetSrc), (8 bytes).
    Removing sys.o(i.SYS_IsRegLocked), (16 bytes).
    Removing sys.o(i.SYS_ReadPDID), (8 bytes).
    Removing sys.o(i.SYS_ResetCPU), (14 bytes).
    Removing sys.o(i.SYS_ResetChip), (14 bytes).
    Removing uart.o(.rev16_text), (4 bytes).
    Removing uart.o(.revsh_text), (4 bytes).
    Removing uart.o(i.NVIC_DisableIRQ), (20 bytes).
    Removing uart.o(i.UART_ClearIntFlag), (76 bytes).
    Removing uart.o(i.UART_Close), (6 bytes).
    Removing uart.o(i.UART_DisableFlowCtrl), (12 bytes).
    Removing uart.o(i.UART_DisableInt), (84 bytes).
    Removing uart.o(i.UART_EnableFlowCtrl), (30 bytes).
    Removing uart.o(i.UART_Read), (44 bytes).
    Removing uart.o(i.UART_SelectIrDAMode), (132 bytes).
    Removing uart.o(i.UART_SelectLINMode), (24 bytes).
    Removing uart.o(i.UART_SelectRS485Mode), (32 bytes).
    Removing uart.o(i.UART_SetLine_Config), (128 bytes).
    Removing uart.o(i.UART_SetTimeoutCnt), (22 bytes).
    Removing timer.o(.rev16_text), (4 bytes).
    Removing timer.o(.revsh_text), (4 bytes).
    Removing timer.o(i.TIMER_Close), (8 bytes).
    Removing timer.o(i.TIMER_Delay), (148 bytes).
    Removing timer.o(i.TIMER_DisableCapture), (10 bytes).
    Removing timer.o(i.TIMER_DisableEventCounter), (12 bytes).
    Removing timer.o(i.TIMER_EnableCapture), (20 bytes).
    Removing timer.o(i.TIMER_EnableEventCounter), (22 bytes).
    Removing dadd.o(.text), (360 bytes).
    Removing dmul.o(.text), (208 bytes).
    Removing ddiv.o(.text), (240 bytes).
    Removing dfixul.o(.text), (64 bytes).
    Removing cdrcmple.o(.text), (40 bytes).
    Removing depilogue.o(.text), (190 bytes).
    Removing depilogue.o(i.__ARM_clz), (46 bytes).

97 unused section(s) (total 3989 bytes) removed from the image.

==============================================================================

Image Symbol Table

    Local Symbols

    Symbol Name                              Value     Ov Type        Size  Object(Section)

    RESET                                    0x00000000   Section      192  startup_m0518.o(RESET)
    ../clib/microlib/division.c              0x00000000   Number         0  uldiv.o ABSOLUTE
    ../clib/microlib/division.c              0x00000000   Number         0  uidiv.o ABSOLUTE
    ../clib/microlib/init/entry.s            0x00000000   Number         0  entry9b.o ABSOLUTE
    ../clib/microlib/init/entry.s            0x00000000   Number         0  entry.o ABSOLUTE
    ../clib/microlib/init/entry.s            0x00000000   Number         0  entry10a.o ABSOLUTE
    ../clib/microlib/init/entry.s            0x00000000   Number         0  entry2.o ABSOLUTE
    ../clib/microlib/init/entry.s            0x00000000   Number         0  entry8b.o ABSOLUTE
    ../clib/microlib/init/entry.s            0x00000000   Number         0  entry5.o ABSOLUTE
    ../clib/microlib/init/entry.s            0x00000000   Number         0  entry9a.o ABSOLUTE
    ../clib/microlib/init/entry.s            0x00000000   Number         0  entry12b.o ABSOLUTE
    ../clib/microlib/init/entry.s            0x00000000   Number         0  entry8a.o ABSOLUTE
    ../clib/microlib/init/entry.s            0x00000000   Number         0  entry7b.o ABSOLUTE
    ../clib/microlib/init/entry.s            0x00000000   Number         0  entry12a.o ABSOLUTE
    ../clib/microlib/init/entry.s            0x00000000   Number         0  entry11b.o ABSOLUTE
    ../clib/microlib/init/entry.s            0x00000000   Number         0  entry7a.o ABSOLUTE
    ../clib/microlib/init/entry.s            0x00000000   Number         0  entry11a.o ABSOLUTE
    ../clib/microlib/init/entry.s            0x00000000   Number         0  entry10b.o ABSOLUTE
    ../clib/microlib/longlong.c              0x00000000   Number         0  llsshr.o ABSOLUTE
    ../clib/microlib/longlong.c              0x00000000   Number         0  llshl.o ABSOLUTE
    ../clib/microlib/longlong.c              0x00000000   Number         0  llushr.o ABSOLUTE
    ../clib/microlib/printf/printf.c         0x00000000   Number         0  printfa.o ABSOLUTE
    ../clib/microlib/printf/printf.c         0x00000000   Number         0  printf1.o ABSOLUTE
    ../clib/microlib/printf/printf.c         0x00000000   Number         0  printf0.o ABSOLUTE
    ../clib/microlib/printf/printf.c         0x00000000   Number         0  printf2.o ABSOLUTE
    ../clib/microlib/printf/printf.c         0x00000000   Number         0  printfb.o ABSOLUTE
    ../clib/microlib/printf/printf.c         0x00000000   Number         0  printf3.o ABSOLUTE
    ../clib/microlib/printf/printf.c         0x00000000   Number         0  printf4.o ABSOLUTE
    ../clib/microlib/printf/printf.c         0x00000000   Number         0  printf5.o ABSOLUTE
    ../clib/microlib/printf/printf.c         0x00000000   Number         0  printf6.o ABSOLUTE
    ../clib/microlib/printf/printf.c         0x00000000   Number         0  printf7.o ABSOLUTE
    ../clib/microlib/printf/printf.c         0x00000000   Number         0  printf8.o ABSOLUTE
    ../clib/microlib/printf/stubs.s          0x00000000   Number         0  stubs.o ABSOLUTE
    ../clib/microlib/string/memcpy.c         0x00000000   Number         0  memcpya.o ABSOLUTE
    ../clib/microlib/string/memcpy.c         0x00000000   Number         0  memcpyb.o ABSOLUTE
    ../clib/microlib/string/memset.c         0x00000000   Number         0  memseta.o ABSOLUTE
    ../clib/microlib/stubs.s                 0x00000000   Number         0  iusefp.o ABSOLUTE
    ../fplib/microlib/fpadd.c                0x00000000   Number         0  dadd.o ABSOLUTE
    ../fplib/microlib/fpdiv.c                0x00000000   Number         0  ddiv.o ABSOLUTE
    ../fplib/microlib/fpepilogue.c           0x00000000   Number         0  depilogue.o ABSOLUTE
    ../fplib/microlib/fpfix.c                0x00000000   Number         0  dfixul.o ABSOLUTE
    ../fplib/microlib/fpmul.c                0x00000000   Number         0  dmul.o ABSOLUTE
    ..\..\Library\Device\Nuvoton\M0518\Source\ARM\startup_M0518.s 0x00000000   Number         0  startup_m0518.o ABSOLUTE
    ..\..\Library\Device\Nuvoton\M0518\Source\system_M0518.c 0x00000000   Number         0  system_m0518.o ABSOLUTE
    ..\..\Library\StdDriver\src\clk.c        0x00000000   Number         0  clk.o ABSOLUTE
    ..\..\Library\StdDriver\src\gpio.c       0x00000000   Number         0  gpio.o ABSOLUTE
    ..\..\Library\StdDriver\src\retarget.c   0x00000000   Number         0  retarget.o ABSOLUTE
    ..\..\Library\StdDriver\src\spi.c        0x00000000   Number         0  spi.o ABSOLUTE
    ..\..\Library\StdDriver\src\sys.c        0x00000000   Number         0  sys.o ABSOLUTE
    ..\..\Library\StdDriver\src\uart.c       0x00000000   Number         0  uart.o ABSOLUTE
    ..\\..\\Library\\Device\\Nuvoton\\M0518\\Source\\system_M0518.c 0x00000000   Number         0  system_m0518.o ABSOLUTE
    ..\\..\\Library\\StdDriver\\src\\clk.c   0x00000000   Number         0  clk.o ABSOLUTE
    ..\\..\\Library\\StdDriver\\src\\gpio.c  0x00000000   Number         0  gpio.o ABSOLUTE
    ..\\..\\Library\\StdDriver\\src\\retarget.c 0x00000000   Number         0  retarget.o ABSOLUTE
    ..\\..\\Library\\StdDriver\\src\\spi.c   0x00000000   Number         0  spi.o ABSOLUTE
    ..\\..\\Library\\StdDriver\\src\\sys.c   0x00000000   Number         0  sys.o ABSOLUTE
    ..\\..\\Library\\StdDriver\\src\\uart.c  0x00000000   Number         0  uart.o ABSOLUTE
    ..\\main.c                               0x00000000   Number         0  main.o ABSOLUTE
    ..\main.c                                0x00000000   Number         0  main.o ABSOLUTE
    D:\NUVOTON\M0518BSP-master\Library\StdDriver\src\timer.c 0x00000000   Number         0  timer.o ABSOLUTE
    D:\\NUVOTON\\M0518BSP-master\\Library\\StdDriver\\src\\timer.c 0x00000000   Number         0  timer.o ABSOLUTE
    cdrcmple.s                               0x00000000   Number         0  cdrcmple.o ABSOLUTE
    circleq.c                                0x00000000   Number         0  circleq.o ABSOLUTE
    circleq.c                                0x00000000   Number         0  circleq.o ABSOLUTE
    handlers.s                               0x00000000   Number         0  handlers.o ABSOLUTE
    init.s                                   0x00000000   Number         0  init.o ABSOLUTE
    my9168.c                                 0x00000000   Number         0  my9168.o ABSOLUTE
    my9168.c                                 0x00000000   Number         0  my9168.o ABSOLUTE
    .ARM.Collect$$$$00000000                 0x000000c0   Section        0  entry.o(.ARM.Collect$$$$00000000)
    .ARM.Collect$$$$00000001                 0x000000c0   Section        4  entry2.o(.ARM.Collect$$$$00000001)
    .ARM.Collect$$$$00000004                 0x000000c4   Section        4  entry5.o(.ARM.Collect$$$$00000004)
    .ARM.Collect$$$$00000008                 0x000000c8   Section        0  entry7b.o(.ARM.Collect$$$$00000008)
    .ARM.Collect$$$$0000000A                 0x000000c8   Section        0  entry8b.o(.ARM.Collect$$$$0000000A)
    .ARM.Collect$$$$0000000B                 0x000000c8   Section        8  entry9a.o(.ARM.Collect$$$$0000000B)
    .ARM.Collect$$$$0000000E                 0x000000d0   Section        4  entry12b.o(.ARM.Collect$$$$0000000E)
    .ARM.Collect$$$$0000000F                 0x000000d4   Section        0  entry10a.o(.ARM.Collect$$$$0000000F)
    .ARM.Collect$$$$00000011                 0x000000d4   Section        0  entry11a.o(.ARM.Collect$$$$00000011)
    .ARM.Collect$$$$00002712                 0x000000d4   Section        4  entry2.o(.ARM.Collect$$$$00002712)
    __lit__00000000                          0x000000d4   Data           4  entry2.o(.ARM.Collect$$$$00002712)
    .emb_text                                0x000000d8   Section       28  retarget.o(.emb_text)
    .text                                    0x000000f4   Section       76  startup_m0518.o(.text)
    Default_Handler                          0x0000011f   Thumb Code     2  startup_m0518.o(.text)
    .text                                    0x00000140   Section        0  uidiv.o(.text)
    .text                                    0x0000016c   Section        0  memcpya.o(.text)
    .text                                    0x00000190   Section        0  memseta.o(.text)
    .text                                    0x000001b4   Section        0  uldiv.o(.text)
    .text                                    0x00000214   Section       36  init.o(.text)
    .text                                    0x00000238   Section        0  llshl.o(.text)
    .text                                    0x00000258   Section        0  llushr.o(.text)
    i.CLK_EnableModuleClock                  0x0000027c   Section        0  clk.o(i.CLK_EnableModuleClock)
    i.CLK_EnableXtalRC                       0x000002ac   Section        0  clk.o(i.CLK_EnableXtalRC)
    i.CLK_GetHCLKFreq                        0x000002bc   Section        0  clk.o(i.CLK_GetHCLKFreq)
    i.CLK_GetPLLClockFreq                    0x000002cc   Section        0  spi.o(i.CLK_GetPLLClockFreq)
    CLK_GetPLLClockFreq                      0x000002cd   Thumb Code    70  spi.o(i.CLK_GetPLLClockFreq)
    i.CLK_GetPLLClockFreq                    0x00000324   Section        0  uart.o(i.CLK_GetPLLClockFreq)
    CLK_GetPLLClockFreq                      0x00000325   Thumb Code    70  uart.o(i.CLK_GetPLLClockFreq)
    i.CLK_SetHCLK                            0x0000037c   Section        0  clk.o(i.CLK_SetHCLK)
    i.CLK_SetModuleClock                     0x000003c8   Section        0  clk.o(i.CLK_SetModuleClock)
    i.CLK_WaitClockReady                     0x00000428   Section        0  clk.o(i.CLK_WaitClockReady)
    i.GPIO_SetMode                           0x00000454   Section        0  gpio.o(i.GPIO_SetMode)
    i.Hard_Fault_Handler                     0x0000047c   Section        0  retarget.o(i.Hard_Fault_Handler)
    __tagsym$$used                           0x0000047d   Number         0  retarget.o(i.Hard_Fault_Handler)
    i.NVIC_EnableIRQ                         0x000004a4   Section        0  uart.o(i.NVIC_EnableIRQ)
    NVIC_EnableIRQ                           0x000004a5   Thumb Code    14  uart.o(i.NVIC_EnableIRQ)
    i.SPI_DisableInt                         0x000004b8   Section        0  spi.o(i.SPI_DisableInt)
    i.SPI_EnableFIFO                         0x00000508   Section        0  spi.o(i.SPI_EnableFIFO)
    i.SPI_Open                               0x00000528   Section        0  spi.o(i.SPI_Open)
    i.SYS_Init                               0x0000061c   Section        0  main.o(i.SYS_Init)
    i.SYS_ResetModule                        0x000006e0   Section        0  sys.o(i.SYS_ResetModule)
    i.SendChar_ToUART                        0x000006fc   Section        0  retarget.o(i.SendChar_ToUART)
    i.SystemCoreClockUpdate                  0x0000071c   Section        0  system_m0518.o(i.SystemCoreClockUpdate)
    i.SystemInit                             0x000007ac   Section        0  system_m0518.o(i.SystemInit)
    i.TIMER_GetModuleClock                   0x000007b0   Section        0  timer.o(i.TIMER_GetModuleClock)
    i.TIMER_Open                             0x00000818   Section        0  timer.o(i.TIMER_Open)
    i.TMR0_IRQHandler                        0x00000858   Section        0  main.o(i.TMR0_IRQHandler)
    i.Timer0_Init                            0x00000884   Section        0  main.o(i.Timer0_Init)
    i.UART02_IRQHandler                      0x000008ac   Section        0  main.o(i.UART02_IRQHandler)
    i.UART1_IRQHandler                       0x000008e8   Section        0  main.o(i.UART1_IRQHandler)
    i.UART_EnableInt                         0x00000908   Section        0  uart.o(i.UART_EnableInt)
    i.UART_Init                              0x0000095c   Section        0  main.o(i.UART_Init)
    i.UART_Open                              0x000009ac   Section        0  uart.o(i.UART_Open)
    i.UART_Write                             0x00000a34   Section        0  uart.o(i.UART_Write)
    i.__0printf$5                            0x00000a60   Section        0  printf5.o(i.__0printf$5)
    i.__scatterload_copy                     0x00000a80   Section       14  handlers.o(i.__scatterload_copy)
    i.__scatterload_null                     0x00000a8e   Section        2  handlers.o(i.__scatterload_null)
    i.__scatterload_zeroinit                 0x00000a90   Section       14  handlers.o(i.__scatterload_zeroinit)
    i._printf_core                           0x00000aa0   Section        0  printf5.o(i._printf_core)
    _printf_core                             0x00000aa1   Thumb Code   680  printf5.o(i._printf_core)
    i.check_uart_buffer                      0x00000d74   Section        0  main.o(i.check_uart_buffer)
    i.fputc                                  0x00000dd4   Section        0  retarget.o(i.fputc)
    i.init_q                                 0x00000de0   Section        0  circleq.o(i.init_q)
    i.isEmpty                                0x00000df2   Section        0  circleq.o(i.isEmpty)
    i.main                                   0x00000e04   Section        0  main.o(i.main)
    i.my9168_init                            0x00000f7c   Section        0  my9168.o(i.my9168_init)
    i.pop                                    0x00000ff0   Section        0  circleq.o(i.pop)
    i.push                                   0x0000100a   Section        0  circleq.o(i.push)
    i.set_brigtness                          0x00001024   Section        0  my9168.o(i.set_brigtness)
    i.set_led_data                           0x00001044   Section        0  my9168.o(i.set_led_data)
    i.stackDump                              0x00001084   Section        0  retarget.o(i.stackDump)
    stackDump                                0x00001085   Thumb Code    70  retarget.o(i.stackDump)
    .constdata                               0x0000112c   Section       48  clk.o(.constdata)
    .constdata                               0x0000115c   Section       48  uart.o(.constdata)
    .constdata                               0x0000118c   Section       32  timer.o(.constdata)
    .data                                    0x20000000   Section       44  system_m0518.o(.data)
    .data                                    0x2000002c   Section       38  main.o(.data)
    num                                      0x2000002c   Data           1  main.o(.data)
    .data                                    0x20000054   Section        4  retarget.o(.data)
    .bss                                     0x20000058   Section      166  main.o(.bss)
    STACK                                    0x20000100   Section     1024  startup_m0518.o(STACK)

    Global Symbols

    Symbol Name                              Value     Ov Type        Size  Object(Section)

    BuildAttributes$$THM_ISAv3M$S$PE$A:L22$X:L11$S22$IEEE1$IW$USESV6$~STKCKD$USESV7$~SHL$OSPACE$ROPI$EBA8$MICROLIB$REQ8$PRES8$EABIv2 0x00000000   Number         0  anon$$obj.o ABSOLUTE
    __ARM_use_no_argv                        0x00000000   Number         0  main.o ABSOLUTE
    __Vectors                                0x00000000   Data           4  startup_m0518.o(RESET)
    _printf_a                                0x00000000   Number         0  stubs.o ABSOLUTE
    _printf_c                                0x00000000   Number         0  stubs.o ABSOLUTE
    _printf_charcount                        0x00000000   Number         0  stubs.o ABSOLUTE
    _printf_d                                0x00000000   Number         0  stubs.o ABSOLUTE
    _printf_e                                0x00000000   Number         0  stubs.o ABSOLUTE
    _printf_f                                0x00000000   Number         0  stubs.o ABSOLUTE
    _printf_flags                            0x00000000   Number         0  stubs.o ABSOLUTE
    _printf_fp_dec                           0x00000000   Number         0  stubs.o ABSOLUTE
    _printf_fp_hex                           0x00000000   Number         0  stubs.o ABSOLUTE
    _printf_g                                0x00000000   Number         0  stubs.o ABSOLUTE
    _printf_i                                0x00000000   Number         0  stubs.o ABSOLUTE
    _printf_int_dec                          0x00000000   Number         0  stubs.o ABSOLUTE
    _printf_l                                0x00000000   Number         0  stubs.o ABSOLUTE
    _printf_lc                               0x00000000   Number         0  stubs.o ABSOLUTE
    _printf_ll                               0x00000000   Number         0  stubs.o ABSOLUTE
    _printf_lld                              0x00000000   Number         0  stubs.o ABSOLUTE
    _printf_lli                              0x00000000   Number         0  stubs.o ABSOLUTE
    _printf_llo                              0x00000000   Number         0  stubs.o ABSOLUTE
    _printf_llu                              0x00000000   Number         0  stubs.o ABSOLUTE
    _printf_llx                              0x00000000   Number         0  stubs.o ABSOLUTE
    _printf_longlong_dec                     0x00000000   Number         0  stubs.o ABSOLUTE
    _printf_longlong_hex                     0x00000000   Number         0  stubs.o ABSOLUTE
    _printf_longlong_oct                     0x00000000   Number         0  stubs.o ABSOLUTE
    _printf_ls                               0x00000000   Number         0  stubs.o ABSOLUTE
    _printf_mbtowc                           0x00000000   Number         0  stubs.o ABSOLUTE
    _printf_n                                0x00000000   Number         0  stubs.o ABSOLUTE
    _printf_o                                0x00000000   Number         0  stubs.o ABSOLUTE
    _printf_p                                0x00000000   Number         0  stubs.o ABSOLUTE
    _printf_percent                          0x00000000   Number         0  stubs.o ABSOLUTE
    _printf_pre_padding                      0x00000000   Number         0  stubs.o ABSOLUTE
    _printf_return_value                     0x00000000   Number         0  stubs.o ABSOLUTE
    _printf_s                                0x00000000   Number         0  stubs.o ABSOLUTE
    _printf_sizespec                         0x00000000   Number         0  stubs.o ABSOLUTE
    _printf_str                              0x00000000   Number         0  stubs.o ABSOLUTE
    _printf_truncate_signed                  0x00000000   Number         0  stubs.o ABSOLUTE
    _printf_truncate_unsigned                0x00000000   Number         0  stubs.o ABSOLUTE
    _printf_u                                0x00000000   Number         0  stubs.o ABSOLUTE
    _printf_wc                               0x00000000   Number         0  stubs.o ABSOLUTE
    _printf_wctomb                           0x00000000   Number         0  stubs.o ABSOLUTE
    _printf_widthprec                        0x00000000   Number         0  stubs.o ABSOLUTE
    _printf_x                                0x00000000   Number         0  stubs.o ABSOLUTE
    __arm_fini_                               - Undefined Weak Reference
    __cpp_initialize__aeabi_                  - Undefined Weak Reference
    __cxa_finalize                            - Undefined Weak Reference
    __decompress                              - Undefined Weak Reference
    _clock_init                               - Undefined Weak Reference
    _microlib_exit                            - Undefined Weak Reference
    __main                                   0x000000c1   Thumb Code     0  entry.o(.ARM.Collect$$$$00000000)
    _main_stk                                0x000000c1   Thumb Code     0  entry2.o(.ARM.Collect$$$$00000001)
    _main_scatterload                        0x000000c5   Thumb Code     0  entry5.o(.ARM.Collect$$$$00000004)
    __main_after_scatterload                 0x000000c9   Thumb Code     0  entry5.o(.ARM.Collect$$$$00000004)
    _main_clock                              0x000000c9   Thumb Code     0  entry7b.o(.ARM.Collect$$$$00000008)
    _main_cpp_init                           0x000000c9   Thumb Code     0  entry8b.o(.ARM.Collect$$$$0000000A)
    _main_init                               0x000000c9   Thumb Code     0  entry9a.o(.ARM.Collect$$$$0000000B)
    __rt_lib_shutdown_fini                   0x000000d1   Thumb Code     0  entry12b.o(.ARM.Collect$$$$0000000E)
    __rt_final_cpp                           0x000000d5   Thumb Code     0  entry10a.o(.ARM.Collect$$$$0000000F)
    __rt_final_exit                          0x000000d5   Thumb Code     0  entry11a.o(.ARM.Collect$$$$00000011)
    HardFault_Handler                        0x000000d9   Thumb Code    24  retarget.o(.emb_text)
    Reset_Handler                            0x000000f5   Thumb Code    32  startup_m0518.o(.text)
    NMI_Handler                              0x00000115   Thumb Code     2  startup_m0518.o(.text)
    SVC_Handler                              0x00000119   Thumb Code     2  startup_m0518.o(.text)
    PendSV_Handler                           0x0000011b   Thumb Code     2  startup_m0518.o(.text)
    SysTick_Handler                          0x0000011d   Thumb Code     2  startup_m0518.o(.text)
    ADC_IRQHandler                           0x0000011f   Thumb Code     0  startup_m0518.o(.text)
    BOD_IRQHandler                           0x0000011f   Thumb Code     0  startup_m0518.o(.text)
    BPWM0_IRQHandler                         0x0000011f   Thumb Code     0  startup_m0518.o(.text)
    BPWM1_IRQHandler                         0x0000011f   Thumb Code     0  startup_m0518.o(.text)
    BRAKE0_IRQHandler                        0x0000011f   Thumb Code     0  startup_m0518.o(.text)
    BRAKE1_IRQHandler                        0x0000011f   Thumb Code     0  startup_m0518.o(.text)
    CAN0_IRQHandler                          0x0000011f   Thumb Code     0  startup_m0518.o(.text)
    CAN1_IRQHandler                          0x0000011f   Thumb Code     0  startup_m0518.o(.text)
    CKD_IRQHandler                           0x0000011f   Thumb Code     0  startup_m0518.o(.text)
    EINT0_IRQHandler                         0x0000011f   Thumb Code     0  startup_m0518.o(.text)
    EINT1_IRQHandler                         0x0000011f   Thumb Code     0  startup_m0518.o(.text)
    GPAB_IRQHandler                          0x0000011f   Thumb Code     0  startup_m0518.o(.text)
    GPCDEF_IRQHandler                        0x0000011f   Thumb Code     0  startup_m0518.o(.text)
    I2C0_IRQHandler                          0x0000011f   Thumb Code     0  startup_m0518.o(.text)
    I2C1_IRQHandler                          0x0000011f   Thumb Code     0  startup_m0518.o(.text)
    PWM0_IRQHandler                          0x0000011f   Thumb Code     0  startup_m0518.o(.text)
    PWM1_IRQHandler                          0x0000011f   Thumb Code     0  startup_m0518.o(.text)
    PWRWU_IRQHandler                         0x0000011f   Thumb Code     0  startup_m0518.o(.text)
    RTC_IRQHandler                           0x0000011f   Thumb Code     0  startup_m0518.o(.text)
    SPI0_IRQHandler                          0x0000011f   Thumb Code     0  startup_m0518.o(.text)
    TMR1_IRQHandler                          0x0000011f   Thumb Code     0  startup_m0518.o(.text)
    TMR2_IRQHandler                          0x0000011f   Thumb Code     0  startup_m0518.o(.text)
    TMR3_IRQHandler                          0x0000011f   Thumb Code     0  startup_m0518.o(.text)
    UART3_IRQHandler                         0x0000011f   Thumb Code     0  startup_m0518.o(.text)
    UART4_IRQHandler                         0x0000011f   Thumb Code     0  startup_m0518.o(.text)
    UART5_IRQHandler                         0x0000011f   Thumb Code     0  startup_m0518.o(.text)
    WDT_IRQHandler                           0x0000011f   Thumb Code     0  startup_m0518.o(.text)
    __aeabi_uidiv                            0x00000141   Thumb Code     0  uidiv.o(.text)
    __aeabi_uidivmod                         0x00000141   Thumb Code    44  uidiv.o(.text)
    __aeabi_memcpy                           0x0000016d   Thumb Code    36  memcpya.o(.text)
    __aeabi_memcpy4                          0x0000016d   Thumb Code     0  memcpya.o(.text)
    __aeabi_memcpy8                          0x0000016d   Thumb Code     0  memcpya.o(.text)
    __aeabi_memset                           0x00000191   Thumb Code    14  memseta.o(.text)
    __aeabi_memset4                          0x00000191   Thumb Code     0  memseta.o(.text)
    __aeabi_memset8                          0x00000191   Thumb Code     0  memseta.o(.text)
    __aeabi_memclr                           0x0000019f   Thumb Code     4  memseta.o(.text)
    __aeabi_memclr4                          0x0000019f   Thumb Code     0  memseta.o(.text)
    __aeabi_memclr8                          0x0000019f   Thumb Code     0  memseta.o(.text)
    _memset$wrapper                          0x000001a3   Thumb Code    18  memseta.o(.text)
    __aeabi_uldivmod                         0x000001b5   Thumb Code    96  uldiv.o(.text)
    __scatterload                            0x00000215   Thumb Code    28  init.o(.text)
    __scatterload_rt2                        0x00000215   Thumb Code     0  init.o(.text)
    __aeabi_llsl                             0x00000239   Thumb Code    32  llshl.o(.text)
    _ll_shift_l                              0x00000239   Thumb Code     0  llshl.o(.text)
    __aeabi_llsr                             0x00000259   Thumb Code    34  llushr.o(.text)
    _ll_ushift_r                             0x00000259   Thumb Code     0  llushr.o(.text)
    CLK_EnableModuleClock                    0x0000027d   Thumb Code    40  clk.o(i.CLK_EnableModuleClock)
    CLK_EnableXtalRC                         0x000002ad   Thumb Code    10  clk.o(i.CLK_EnableXtalRC)
    CLK_GetHCLKFreq                          0x000002bd   Thumb Code    12  clk.o(i.CLK_GetHCLKFreq)
    CLK_SetHCLK                              0x0000037d   Thumb Code    72  clk.o(i.CLK_SetHCLK)
    CLK_SetModuleClock                       0x000003c9   Thumb Code    88  clk.o(i.CLK_SetModuleClock)
    CLK_WaitClockReady                       0x00000429   Thumb Code    34  clk.o(i.CLK_WaitClockReady)
    GPIO_SetMode                             0x00000455   Thumb Code    40  gpio.o(i.GPIO_SetMode)
    Hard_Fault_Handler                       0x0000047d   Thumb Code    16  retarget.o(i.Hard_Fault_Handler)
    SPI_DisableInt                           0x000004b9   Thumb Code    80  spi.o(i.SPI_DisableInt)
    SPI_EnableFIFO                           0x00000509   Thumb Code    32  spi.o(i.SPI_EnableFIFO)
    SPI_Open                                 0x00000529   Thumb Code   238  spi.o(i.SPI_Open)
    SYS_Init                                 0x0000061d   Thumb Code   178  main.o(i.SYS_Init)
    SYS_ResetModule                          0x000006e1   Thumb Code    26  sys.o(i.SYS_ResetModule)
    SendChar_ToUART                          0x000006fd   Thumb Code    26  retarget.o(i.SendChar_ToUART)
    SystemCoreClockUpdate                    0x0000071d   Thumb Code   118  system_m0518.o(i.SystemCoreClockUpdate)
    SystemInit                               0x000007ad   Thumb Code     2  system_m0518.o(i.SystemInit)
    TIMER_GetModuleClock                     0x000007b1   Thumb Code    82  timer.o(i.TIMER_GetModuleClock)
    TIMER_Open                               0x00000819   Thumb Code    64  timer.o(i.TIMER_Open)
    TMR0_IRQHandler                          0x00000859   Thumb Code    34  main.o(i.TMR0_IRQHandler)
    Timer0_Init                              0x00000885   Thumb Code    32  main.o(i.Timer0_Init)
    UART02_IRQHandler                        0x000008ad   Thumb Code    46  main.o(i.UART02_IRQHandler)
    UART1_IRQHandler                         0x000008e9   Thumb Code    24  main.o(i.UART1_IRQHandler)
    UART_EnableInt                           0x00000909   Thumb Code    62  uart.o(i.UART_EnableInt)
    UART_Init                                0x0000095d   Thumb Code    62  main.o(i.UART_Init)
    UART_Open                                0x000009ad   Thumb Code   120  uart.o(i.UART_Open)
    UART_Write                               0x00000a35   Thumb Code    44  uart.o(i.UART_Write)
    __0printf$5                              0x00000a61   Thumb Code    24  printf5.o(i.__0printf$5)
    __1printf$5                              0x00000a61   Thumb Code     0  printf5.o(i.__0printf$5)
    __2printf                                0x00000a61   Thumb Code     0  printf5.o(i.__0printf$5)
    __scatterload_copy                       0x00000a81   Thumb Code    14  handlers.o(i.__scatterload_copy)
    __scatterload_null                       0x00000a8f   Thumb Code     2  handlers.o(i.__scatterload_null)
    __scatterload_zeroinit                   0x00000a91   Thumb Code    14  handlers.o(i.__scatterload_zeroinit)
    check_uart_buffer                        0x00000d75   Thumb Code    74  main.o(i.check_uart_buffer)
    fputc                                    0x00000dd5   Thumb Code    12  retarget.o(i.fputc)
    init_q                                   0x00000de1   Thumb Code    18  circleq.o(i.init_q)
    isEmpty                                  0x00000df3   Thumb Code    16  circleq.o(i.isEmpty)
    main                                     0x00000e05   Thumb Code   206  main.o(i.main)
    my9168_init                              0x00000f7d   Thumb Code    96  my9168.o(i.my9168_init)
    pop                                      0x00000ff1   Thumb Code    26  circleq.o(i.pop)
    push                                     0x0000100b   Thumb Code    24  circleq.o(i.push)
    set_brigtness                            0x00001025   Thumb Code    28  my9168.o(i.set_brigtness)
    set_led_data                             0x00001045   Thumb Code    56  my9168.o(i.set_led_data)
    Region$$Table$$Base                      0x000011ac   Number         0  anon$$obj.o(Region$$Table)
    Region$$Table$$Limit                     0x000011cc   Number         0  anon$$obj.o(Region$$Table)
    SystemCoreClock                          0x20000000   Data           4  system_m0518.o(.data)
    CyclesPerUs                              0x20000004   Data           4  system_m0518.o(.data)
    PllClock                                 0x20000008   Data           4  system_m0518.o(.data)
    gau32ClkSrcTbl                           0x2000000c   Data          32  system_m0518.o(.data)
    timer_counter                            0x20000030   Data           4  main.o(.data)
    test_string0                             0x20000034   Data          15  main.o(.data)
    test_string1                             0x20000043   Data          15  main.o(.data)
    __stdout                                 0x20000054   Data           4  retarget.o(.data)
    uart0_d                                  0x20000058   Data          64  main.o(.bss)
    uart0_q                                  0x20000098   Data          34  main.o(.bss)
    uart1_q                                  0x200000ba   Data          34  main.o(.bss)
    uart2_q                                  0x200000dc   Data          34  main.o(.bss)
    __initial_sp                             0x20000500   Data           0  startup_m0518.o(STACK)



==============================================================================

Memory Map of the image

  Image Entry point : 0x000000f5

  Load Region LR_1 (Base: 0x00000000, Size: 0x00001224, Max: 0xffffffff, ABSOLUTE)

    Execution Region ER_RO (Exec base: 0x00000000, Load base: 0x00000000, Size: 0x000011cc, Max: 0xffffffff, ABSOLUTE)

    Exec Addr    Load Addr    Size         Type   Attr      Idx    E Section Name        Object

    0x00000000   0x00000000   0x000000c0   Data   RO            3    RESET               startup_m0518.o
    0x000000c0   0x000000c0   0x00000000   Code   RO          917  * .ARM.Collect$$$$00000000  mc_p.l(entry.o)
    0x000000c0   0x000000c0   0x00000004   Code   RO         1187    .ARM.Collect$$$$00000001  mc_p.l(entry2.o)
    0x000000c4   0x000000c4   0x00000004   Code   RO         1190    .ARM.Collect$$$$00000004  mc_p.l(entry5.o)
    0x000000c8   0x000000c8   0x00000000   Code   RO         1192    .ARM.Collect$$$$00000008  mc_p.l(entry7b.o)
    0x000000c8   0x000000c8   0x00000000   Code   RO         1194    .ARM.Collect$$$$0000000A  mc_p.l(entry8b.o)
    0x000000c8   0x000000c8   0x00000008   Code   RO         1195    .ARM.Collect$$$$0000000B  mc_p.l(entry9a.o)
    0x000000d0   0x000000d0   0x00000004   Code   RO         1202    .ARM.Collect$$$$0000000E  mc_p.l(entry12b.o)
    0x000000d4   0x000000d4   0x00000000   Code   RO         1197    .ARM.Collect$$$$0000000F  mc_p.l(entry10a.o)
    0x000000d4   0x000000d4   0x00000000   Code   RO         1199    .ARM.Collect$$$$00000011  mc_p.l(entry11a.o)
    0x000000d4   0x000000d4   0x00000004   Code   RO         1188    .ARM.Collect$$$$00002712  mc_p.l(entry2.o)
    0x000000d8   0x000000d8   0x0000001c   Code   RO          464    .emb_text           retarget.o
    0x000000f4   0x000000f4   0x0000004c   Code   RO            4  * .text               startup_m0518.o
    0x00000140   0x00000140   0x0000002c   Code   RO          918    .text               mc_p.l(uidiv.o)
    0x0000016c   0x0000016c   0x00000024   Code   RO          920    .text               mc_p.l(memcpya.o)
    0x00000190   0x00000190   0x00000024   Code   RO          922    .text               mc_p.l(memseta.o)
    0x000001b4   0x000001b4   0x00000060   Code   RO         1203    .text               mc_p.l(uldiv.o)
    0x00000214   0x00000214   0x00000024   Code   RO         1216    .text               mc_p.l(init.o)
    0x00000238   0x00000238   0x00000020   Code   RO         1218    .text               mc_p.l(llshl.o)
    0x00000258   0x00000258   0x00000022   Code   RO         1220    .text               mc_p.l(llushr.o)
    0x0000027a   0x0000027a   0x00000002   PAD
    0x0000027c   0x0000027c   0x00000030   Code   RO          297    i.CLK_EnableModuleClock  clk.o
    0x000002ac   0x000002ac   0x00000010   Code   RO          300    i.CLK_EnableXtalRC  clk.o
    0x000002bc   0x000002bc   0x00000010   Code   RO          302    i.CLK_GetHCLKFreq   clk.o
    0x000002cc   0x000002cc   0x00000058   Code   RO          553    i.CLK_GetPLLClockFreq  spi.o
    0x00000324   0x00000324   0x00000058   Code   RO          739    i.CLK_GetPLLClockFreq  uart.o
    0x0000037c   0x0000037c   0x0000004c   Code   RO          308    i.CLK_SetHCLK       clk.o
    0x000003c8   0x000003c8   0x00000060   Code   RO          309    i.CLK_SetModuleClock  clk.o
    0x00000428   0x00000428   0x0000002c   Code   RO          311    i.CLK_WaitClockReady  clk.o
    0x00000454   0x00000454   0x00000028   Code   RO          434    i.GPIO_SetMode      gpio.o
    0x0000047c   0x0000047c   0x00000028   Code   RO          466    i.Hard_Fault_Handler  retarget.o
    0x000004a4   0x000004a4   0x00000014   Code   RO          741    i.NVIC_EnableIRQ    uart.o
    0x000004b8   0x000004b8   0x00000050   Code   RO          560    i.SPI_DisableInt    spi.o
    0x00000508   0x00000508   0x00000020   Code   RO          562    i.SPI_EnableFIFO    spi.o
    0x00000528   0x00000528   0x000000f4   Code   RO          567    i.SPI_Open          spi.o
    0x0000061c   0x0000061c   0x000000c4   Code   RO           99    i.SYS_Init          main.o
    0x000006e0   0x000006e0   0x0000001a   Code   RO          674    i.SYS_ResetModule   sys.o
    0x000006fa   0x000006fa   0x00000002   PAD
    0x000006fc   0x000006fc   0x00000020   Code   RO          469    i.SendChar_ToUART   retarget.o
    0x0000071c   0x0000071c   0x00000090   Code   RO           12    i.SystemCoreClockUpdate  system_m0518.o
    0x000007ac   0x000007ac   0x00000002   Code   RO           13    i.SystemInit        system_m0518.o
    0x000007ae   0x000007ae   0x00000002   PAD
    0x000007b0   0x000007b0   0x00000068   Code   RO          862    i.TIMER_GetModuleClock  timer.o
    0x00000818   0x00000818   0x00000040   Code   RO          863    i.TIMER_Open        timer.o
    0x00000858   0x00000858   0x0000002c   Code   RO          100    i.TMR0_IRQHandler   main.o
    0x00000884   0x00000884   0x00000028   Code   RO          101    i.Timer0_Init       main.o
    0x000008ac   0x000008ac   0x0000003c   Code   RO          102    i.UART02_IRQHandler  main.o
    0x000008e8   0x000008e8   0x00000020   Code   RO          103    i.UART1_IRQHandler  main.o
    0x00000908   0x00000908   0x00000054   Code   RO          747    i.UART_EnableInt    uart.o
    0x0000095c   0x0000095c   0x00000050   Code   RO          104    i.UART_Init         main.o
    0x000009ac   0x000009ac   0x00000088   Code   RO          748    i.UART_Open         uart.o
    0x00000a34   0x00000a34   0x0000002c   Code   RO          755    i.UART_Write        uart.o
    0x00000a60   0x00000a60   0x00000020   Code   RO         1059    i.__0printf$5       mc_p.l(printf5.o)
    0x00000a80   0x00000a80   0x0000000e   Code   RO         1230    i.__scatterload_copy  mc_p.l(handlers.o)
    0x00000a8e   0x00000a8e   0x00000002   Code   RO         1231    i.__scatterload_null  mc_p.l(handlers.o)
    0x00000a90   0x00000a90   0x0000000e   Code   RO         1232    i.__scatterload_zeroinit  mc_p.l(handlers.o)
    0x00000a9e   0x00000a9e   0x00000002   PAD
    0x00000aa0   0x00000aa0   0x000002d4   Code   RO         1066    i._printf_core      mc_p.l(printf5.o)
    0x00000d74   0x00000d74   0x00000060   Code   RO          105    i.check_uart_buffer  main.o
    0x00000dd4   0x00000dd4   0x0000000c   Code   RO          473    i.fputc             retarget.o
    0x00000de0   0x00000de0   0x00000012   Code   RO          203    i.init_q            circleq.o
    0x00000df2   0x00000df2   0x00000010   Code   RO          204    i.isEmpty           circleq.o
    0x00000e02   0x00000e02   0x00000002   PAD
    0x00000e04   0x00000e04   0x00000178   Code   RO          106    i.main              main.o
    0x00000f7c   0x00000f7c   0x00000074   Code   RO          253    i.my9168_init       my9168.o
    0x00000ff0   0x00000ff0   0x0000001a   Code   RO          205    i.pop               circleq.o
    0x0000100a   0x0000100a   0x00000018   Code   RO          206    i.push              circleq.o
    0x00001022   0x00001022   0x00000002   PAD
    0x00001024   0x00001024   0x00000020   Code   RO          254    i.set_brigtness     my9168.o
    0x00001044   0x00001044   0x00000040   Code   RO          255    i.set_led_data      my9168.o
    0x00001084   0x00001084   0x000000a8   Code   RO          475    i.stackDump         retarget.o
    0x0000112c   0x0000112c   0x00000030   Data   RO          312    .constdata          clk.o
    0x0000115c   0x0000115c   0x00000030   Data   RO          756    .constdata          uart.o
    0x0000118c   0x0000118c   0x00000020   Data   RO          864    .constdata          timer.o
    0x000011ac   0x000011ac   0x00000020   Data   RO         1228    Region$$Table       anon$$obj.o


    Execution Region ER_RW (Exec base: 0x20000000, Load base: 0x000011cc, Size: 0x00000058, Max: 0xffffffff, ABSOLUTE)

    Exec Addr    Load Addr    Size         Type   Attr      Idx    E Section Name        Object

    0x20000000   0x000011cc   0x0000002c   Data   RW           14    .data               system_m0518.o
    0x2000002c   0x000011f8   0x00000026   Data   RW          110    .data               main.o
    0x20000052   0x0000121e   0x00000002   PAD
    0x20000054   0x00001220   0x00000004   Data   RW          476    .data               retarget.o


    Execution Region ER_ZI (Exec base: 0x20000058, Load base: 0x00001224, Size: 0x000004a8, Max: 0xffffffff, ABSOLUTE)

    Exec Addr    Load Addr    Size         Type   Attr      Idx    E Section Name        Object

    0x20000058        -       0x000000a6   Zero   RW          107    .bss                main.o
    0x200000fe   0x00001224   0x00000002   PAD
    0x20000100        -       0x00000400   Zero   RW            1    STACK               startup_m0518.o


==============================================================================

Image component sizes


      Code (inc. data)   RO Data    RW Data    ZI Data      Debug   Object Name

        84          0          0          0          0       2528   circleq.o
       296         40         48          0          0       3777   clk.o
        40          0          0          0          0        915   gpio.o
       924        268          0         38        166     171768   main.o
       212         32          0          0          0       7933   my9168.o
       280        132          0          4          0       4390   retarget.o
       444         24          0          0          0       3277   spi.o
        76         32        192          0       1024        700   startup_m0518.o
        26          0          0          0          0        466   sys.o
       146         26          0         44          0     122675   system_m0518.o
       168         22         32          0          0       1856   timer.o
       372         62         48          0          0       9398   uart.o

    ----------------------------------------------------------------------
      3076        638        352         88       1192     329683   Object Totals
         0          0         32          0          0          0   (incl. Generated)
         8          0          0          2          2          0   (incl. Padding)

    ----------------------------------------------------------------------

      Code (inc. data)   RO Data    RW Data    ZI Data      Debug   Library Member Name

         0          0          0          0          0          0   entry.o
         0          0          0          0          0          0   entry10a.o
         0          0          0          0          0          0   entry11a.o
         4          0          0          0          0          0   entry12b.o
         8          4          0          0          0          0   entry2.o
         4          0          0          0          0          0   entry5.o
         0          0          0          0          0          0   entry7b.o
         0          0          0          0          0          0   entry8b.o
         8          4          0          0          0          0   entry9a.o
        30          0          0          0          0          0   handlers.o
        36          8          0          0          0         68   init.o
        32          0          0          0          0         68   llshl.o
        34          0          0          0          0         68   llushr.o
        36          0          0          0          0         60   memcpya.o
        36          0          0          0          0        100   memseta.o
       756         52          0          0          0        168   printf5.o
        44          0          0          0          0         72   uidiv.o
        96          0          0          0          0         84   uldiv.o

    ----------------------------------------------------------------------
      1128         68          0          0          0        688   Library Totals
         4          0          0          0          0          0   (incl. Padding)

    ----------------------------------------------------------------------

      Code (inc. data)   RO Data    RW Data    ZI Data      Debug   Library Name

      1124         68          0          0          0        688   mc_p.l

    ----------------------------------------------------------------------
      1128         68          0          0          0        688   Library Totals

    ----------------------------------------------------------------------

==============================================================================


      Code (inc. data)   RO Data    RW Data    ZI Data      Debug   

      4204        706        352         88       1192     328579   Grand Totals
      4204        706        352         88       1192     328579   ELF Image Totals
      4204        706        352         88          0          0   ROM Totals

==============================================================================

    Total RO  Size (Code + RO Data)                 4556 (   4.45kB)
    Total RW  Size (RW Data + ZI Data)              1280 (   1.25kB)
    Total ROM Size (Code + RO Data + RW Data)       4644 (   4.54kB)

==============================================================================

